[ 2025-02-20 21:10:07,530 ] 24 networksecurity.logging - INFO - Logging system initialized successfully!
[ 2025-02-20 21:10:07,531 ] 7 root - INFO - take the all components
[ 2025-02-20 21:10:14,524 ] 1025 httpx - INFO - HTTP Request: GET https://dagshub.com/api/v1/user "HTTP/1.1 200 OK"
[ 2025-02-20 21:10:14,530 ] 107 dagshub - INFO - Accessing as sharmi-jes
[ 2025-02-20 21:10:15,139 ] 1025 httpx - INFO - HTTP Request: GET https://dagshub.com/api/v1/repos/sharmi-jes/Network_Security "HTTP/1.1 200 OK"
[ 2025-02-20 21:10:15,723 ] 1025 httpx - INFO - HTTP Request: GET https://dagshub.com/api/v1/user "HTTP/1.1 200 OK"
[ 2025-02-20 21:10:15,724 ] 107 dagshub - INFO - Initialized MLflow to track repo "sharmi-jes/Network_Security"
[ 2025-02-20 21:10:15,727 ] 107 dagshub - INFO - Repository sharmi-jes/Network_Security initialized!
[ 2025-02-20 21:10:15,727 ] 14 root - INFO - take the all config files
[ 2025-02-20 21:10:15,727 ] 24 root - INFO - take tha all artifacts 
[ 2025-02-20 21:10:53,002 ] 91 root - INFO - Performed train test split on the dataframe
[ 2025-02-20 21:10:53,003 ] 93 root - INFO - Exited split_data_as_train_test method of Data_Ingestion class
[ 2025-02-20 21:10:53,010 ] 101 root - INFO - Exporting train and test file path.
[ 2025-02-20 21:10:53,169 ] 110 root - INFO - Exported train and test file path.
[ 2025-02-20 21:10:53,256 ] 32 root - INFO - Required number of columns:2
[ 2025-02-20 21:10:53,256 ] 33 root - INFO - Data frame has columns:31
[ 2025-02-20 21:10:53,256 ] 32 root - INFO - Required number of columns:2
[ 2025-02-20 21:10:53,256 ] 33 root - INFO - Data frame has columns:31
[ 2025-02-20 21:10:53,656 ] 38 root - INFO - knnimputer is intialised
[ 2025-02-20 21:10:53,672 ] 49 root - INFO - Entered the save_object method of MainUtils class
[ 2025-02-20 21:10:53,675 ] 53 root - INFO - Exited the save_object method of MainUtils class
[ 2025-02-20 21:10:53,675 ] 49 root - INFO - Entered the save_object method of MainUtils class
[ 2025-02-20 21:10:53,679 ] 53 root - INFO - Exited the save_object method of MainUtils class
[ 2025-02-20 21:17:37,822 ] 49 root - INFO - Entered the save_object method of MainUtils class
[ 2025-02-20 21:17:37,829 ] 53 root - INFO - Exited the save_object method of MainUtils class
[ 2025-02-20 21:17:37,829 ] 49 root - INFO - Entered the save_object method of MainUtils class
[ 2025-02-20 21:17:37,833 ] 53 root - INFO - Exited the save_object method of MainUtils class
